// Jest Snapshot v1, https://goo.gl/fbAQLP

exports[`SearchInput calls setFilter with the entered search query 1`] = `
<DocumentFragment>
  <div
    class="container"
    data-testid="search-input"
  >
    <input
      class="input-text"
      placeholder="Search product"
    />
    <svg
      height="24"
      viewBox="0 0 24 24"
      width="24"
      xmlns="http://www.w3.org/2000/svg"
    >
      <path
        d="M15.5 14h-.79l-.28-.27a6.5 6.5 0 1 0-.7.7l.27.28v.79l5 4.99L20.49 19l-4.99-5zm-6 0C7.01 14 5 11.99 5 9.5S7.01 5 9.5 5 14 7.01 14 9.5 11.99 14 9.5 14z"
      />
    </svg>
  </div>
</DocumentFragment>
`;
