// Jest Snapshot v1, https://goo.gl/fbAQLP

exports[`ProductList displays a list of products correctly 1`] = `
<DocumentFragment>
  <div
    class="container"
  >
    <div
      class="products-grid"
    >
      <a
        class="container"
        href="/product?id=1"
      >
        <div
          class="card"
        >
          <div
            class="product-image"
          >
            <img
              alt=""
              data-nimg="1"
              decoding="async"
              height="0"
              loading="lazy"
              sizes="100vw"
              src="/_next/image?url=%2Fsample-image-test&w=3840&q=75"
              srcset="/_next/image?url=%2Fsample-image-test&w=640&q=75 640w, /_next/image?url=%2Fsample-image-test&w=750&q=75 750w, /_next/image?url=%2Fsample-image-test&w=828&q=75 828w, /_next/image?url=%2Fsample-image-test&w=1080&q=75 1080w, /_next/image?url=%2Fsample-image-test&w=1200&q=75 1200w, /_next/image?url=%2Fsample-image-test&w=1920&q=75 1920w, /_next/image?url=%2Fsample-image-test&w=2048&q=75 2048w, /_next/image?url=%2Fsample-image-test&w=3840&q=75 3840w"
              style="color: transparent;"
              width="0"
            />
          </div>
          <div
            class="title"
          >
            <span>
              Product 1 - 4/5  (4)
            </span>
          </div>
          <span
            class="divider"
          />
          <span
            class="price"
          >
            $19.99 
          </span>
        </div>
      </a>
      <a
        class="container"
        href="/product?id=2"
      >
        <div
          class="card"
        >
          <div
            class="product-image"
          >
            <img
              alt=""
              data-nimg="1"
              decoding="async"
              height="0"
              loading="lazy"
              sizes="100vw"
              src="/_next/image?url=%2Fsample-image-test&w=3840&q=75"
              srcset="/_next/image?url=%2Fsample-image-test&w=640&q=75 640w, /_next/image?url=%2Fsample-image-test&w=750&q=75 750w, /_next/image?url=%2Fsample-image-test&w=828&q=75 828w, /_next/image?url=%2Fsample-image-test&w=1080&q=75 1080w, /_next/image?url=%2Fsample-image-test&w=1200&q=75 1200w, /_next/image?url=%2Fsample-image-test&w=1920&q=75 1920w, /_next/image?url=%2Fsample-image-test&w=2048&q=75 2048w, /_next/image?url=%2Fsample-image-test&w=3840&q=75 3840w"
              style="color: transparent;"
              width="0"
            />
          </div>
          <div
            class="title"
          >
            <span>
              Product 2 - 4/5  (4)
            </span>
          </div>
          <span
            class="divider"
          />
          <span
            class="price"
          >
            $24.99 
          </span>
        </div>
      </a>
    </div>
    <div
      class="selector"
    >
      <button
        class="actions"
        data-testid="back-button"
        disabled=""
      >
        &lt;
      </button>
      <button
        class="pages"
        data-testid="page-0-button"
        disabled=""
        tabindex="0"
      >
        1
      </button>
      <button
        class="actions"
        data-testid="next-button"
        disabled=""
      >
        &gt;
      </button>
    </div>
  </div>
</DocumentFragment>
`;
