// Jest Snapshot v1, https://goo.gl/fbAQLP

exports[`OrderBy component works correctly 1`] = `
<DocumentFragment>
  <div
    class="container"
  >
    <div
      class="orderby"
      role="button"
      tabindex="0"
    >
      <span>
        Order by
      </span>
      <svg
        fill="none"
        height="24"
        stroke="currentColor"
        stroke-linecap="round"
        stroke-linejoin="round"
        stroke-width="2"
        viewBox="0 0 24 24"
        width="24"
        xmlns="http://www.w3.org/2000/svg"
      >
        <line
          x1="12"
          x2="12"
          y1="5"
          y2="19"
        />
        <polyline
          points="19 12 12 19 5 12"
        />
      </svg>
    </div>
  </div>
</DocumentFragment>
`;
