// Jest Snapshot v1, https://goo.gl/fbAQLP

exports[`ProductCard renders product information correctly 1`] = `
<DocumentFragment>
  <a
    class="container"
    href="/product?id=1"
  >
    <div
      class="card"
    >
      <div
        class="product-image"
      >
        <img
          alt=""
          data-nimg="1"
          decoding="async"
          height="0"
          loading="lazy"
          sizes="100vw"
          src="/_next/image?url=%2Fsample-image-url&w=3840&q=75"
          srcset="/_next/image?url=%2Fsample-image-url&w=640&q=75 640w, /_next/image?url=%2Fsample-image-url&w=750&q=75 750w, /_next/image?url=%2Fsample-image-url&w=828&q=75 828w, /_next/image?url=%2Fsample-image-url&w=1080&q=75 1080w, /_next/image?url=%2Fsample-image-url&w=1200&q=75 1200w, /_next/image?url=%2Fsample-image-url&w=1920&q=75 1920w, /_next/image?url=%2Fsample-image-url&w=2048&q=75 2048w, /_next/image?url=%2Fsample-image-url&w=3840&q=75 3840w"
          style="color: transparent;"
          width="0"
        />
      </div>
      <div
        class="title"
      >
        <span>
          Sample Product - 4.5/5  (100)
        </span>
      </div>
      <span
        class="divider"
      />
      <span
        class="price"
      >
        $19.99 
      </span>
    </div>
  </a>
</DocumentFragment>
`;
